================================================================================
Kavia VS Code Extension - Streaming Messages Log
Session ID: 2026-02-25T10-29-49-487Z
Started: 2026-02-25T10:29:49.487Z
================================================================================

++++++++++++++++++++++++++++++++++++++++++++++++++++++++++++++++++++++++++++++++
[1] EVENT: Extension Activated
Time: 2026-02-25T10:29:49.487Z
++++++++++++++++++++++++++++++++++++++++++++++++++++++++++++++++++++++++++++++++
{
  "extensionId": "kavia.kavia-ai",
  "version": "0.5.2-qa"
}

++++++++++++++++++++++++++++++++++++++++++++++++++++++++++++++++++++++++++++++++
[2] EVENT: Extension Deactivated
Time: 2026-02-25T15:49:37.105Z
++++++++++++++++++++++++++++++++++++++++++++++++++++++++++++++++++++++++++++++++
{
  "totalMessages": 1
}

================================================================================
Session Ended: 2026-02-25T15:49:37.105Z
Total Messages: 2
================================================================================
